00:07:29 **** Incremental Build of configuration Debug for project MCU_MPU_Assignment ****
make -j8 all 
arm-none-eabi-gcc "../Core/Src/fsm_automatic.c" -mcpu=cortex-m3 -std=gnu11 -g3 -DDEBUG -DUSE_HAL_DRIVER -DSTM32F103xB -c -I../Core/Inc -I../Drivers/STM32F1xx_HAL_Driver/Inc -I../Drivers/STM32F1xx_HAL_Driver/Inc/Legacy -I../Drivers/CMSIS/Device/ST/STM32F1xx/Include -I../Drivers/CMSIS/Include -O0 -ffunction-sections -fdata-sections -Wall -fstack-usage -MMD -MP -MF"Core/Src/fsm_automatic.d" -MT"Core/Src/fsm_automatic.o" --specs=nano.specs -mfloat-abi=soft -mthumb -o "Core/Src/fsm_automatic.o"
arm-none-eabi-gcc "../Core/Src/fsm_manual.c" -mcpu=cortex-m3 -std=gnu11 -g3 -DDEBUG -DUSE_HAL_DRIVER -DSTM32F103xB -c -I../Core/Inc -I../Drivers/STM32F1xx_HAL_Driver/Inc -I../Drivers/STM32F1xx_HAL_Driver/Inc/Legacy -I../Drivers/CMSIS/Device/ST/STM32F1xx/Include -I../Drivers/CMSIS/Include -O0 -ffunction-sections -fdata-sections -Wall -fstack-usage -MMD -MP -MF"Core/Src/fsm_manual.d" -MT"Core/Src/fsm_manual.o" --specs=nano.specs -mfloat-abi=soft -mthumb -o "Core/Src/fsm_manual.o"
arm-none-eabi-gcc "../Core/Src/global.c" -mcpu=cortex-m3 -std=gnu11 -g3 -DDEBUG -DUSE_HAL_DRIVER -DSTM32F103xB -c -I../Core/Inc -I../Drivers/STM32F1xx_HAL_Driver/Inc -I../Drivers/STM32F1xx_HAL_Driver/Inc/Legacy -I../Drivers/CMSIS/Device/ST/STM32F1xx/Include -I../Drivers/CMSIS/Include -O0 -ffunction-sections -fdata-sections -Wall -fstack-usage -MMD -MP -MF"Core/Src/global.d" -MT"Core/Src/global.o" --specs=nano.specs -mfloat-abi=soft -mthumb -o "Core/Src/global.o"
arm-none-eabi-gcc "../Core/Src/input_processing.c" -mcpu=cortex-m3 -std=gnu11 -g3 -DDEBUG -DUSE_HAL_DRIVER -DSTM32F103xB -c -I../Core/Inc -I../Drivers/STM32F1xx_HAL_Driver/Inc -I../Drivers/STM32F1xx_HAL_Driver/Inc/Legacy -I../Drivers/CMSIS/Device/ST/STM32F1xx/Include -I../Drivers/CMSIS/Include -O0 -ffunction-sections -fdata-sections -Wall -fstack-usage -MMD -MP -MF"Core/Src/input_processing.d" -MT"Core/Src/input_processing.o" --specs=nano.specs -mfloat-abi=soft -mthumb -o "Core/Src/input_processing.o"
arm-none-eabi-gcc "../Core/Src/input_reading.c" -mcpu=cortex-m3 -std=gnu11 -g3 -DDEBUG -DUSE_HAL_DRIVER -DSTM32F103xB -c -I../Core/Inc -I../Drivers/STM32F1xx_HAL_Driver/Inc -I../Drivers/STM32F1xx_HAL_Driver/Inc/Legacy -I../Drivers/CMSIS/Device/ST/STM32F1xx/Include -I../Drivers/CMSIS/Include -O0 -ffunction-sections -fdata-sections -Wall -fstack-usage -MMD -MP -MF"Core/Src/input_reading.d" -MT"Core/Src/input_reading.o" --specs=nano.specs -mfloat-abi=soft -mthumb -o "Core/Src/input_reading.o"
arm-none-eabi-gcc "../Core/Src/main.c" -mcpu=cortex-m3 -std=gnu11 -g3 -DDEBUG -DUSE_HAL_DRIVER -DSTM32F103xB -c -I../Core/Inc -I../Drivers/STM32F1xx_HAL_Driver/Inc -I../Drivers/STM32F1xx_HAL_Driver/Inc/Legacy -I../Drivers/CMSIS/Device/ST/STM32F1xx/Include -I../Drivers/CMSIS/Include -O0 -ffunction-sections -fdata-sections -Wall -fstack-usage -MMD -MP -MF"Core/Src/main.d" -MT"Core/Src/main.o" --specs=nano.specs -mfloat-abi=soft -mthumb -o "Core/Src/main.o"
arm-none-eabi-gcc "../Core/Src/uart.c" -mcpu=cortex-m3 -std=gnu11 -g3 -DDEBUG -DUSE_HAL_DRIVER -DSTM32F103xB -c -I../Core/Inc -I../Drivers/STM32F1xx_HAL_Driver/Inc -I../Drivers/STM32F1xx_HAL_Driver/Inc/Legacy -I../Drivers/CMSIS/Device/ST/STM32F1xx/Include -I../Drivers/CMSIS/Include -O0 -ffunction-sections -fdata-sections -Wall -fstack-usage -MMD -MP -MF"Core/Src/uart.d" -MT"Core/Src/uart.o" --specs=nano.specs -mfloat-abi=soft -mthumb -o "Core/Src/uart.o"
../Core/Src/input_processing.c: In function 'fsm_button_processing':
../Core/Src/input_processing.c:148:32: warning: pointer targets in passing argument 2 of 'HAL_UART_Transmit' differ in signedness [-Wpointer-sign]
  148 |     HAL_UART_Transmit(&huart2, "!SAVED#\n\r", 11, 50);
      |                                ^~~~~~~~~~~~~
      |                                |
      |                                char *
In file included from ../Core/Inc/stm32f1xx_hal_conf.h:337,
                 from ../Drivers/STM32F1xx_HAL_Driver/Inc/stm32f1xx_hal.h:29,
                 from ../Core/Inc/main.h:31,
                 from ../Core/Src/input_processing.c:9:
../Drivers/STM32F1xx_HAL_Driver/Inc/stm32f1xx_hal_uart.h:749:79: note: expected 'const uint8_t *' {aka 'const unsigned char *'} but argument is of type 'char *'
  749 | HAL_StatusTypeDef HAL_UART_Transmit(UART_HandleTypeDef *huart, const uint8_t *pData, uint16_t Size, uint32_t Timeout);
      |                                                                ~~~~~~~~~~~~~~~^~~~~
../Core/Src/global.c: In function 'pedestrian_buzzer_config':
../Core/Src/fsm_manual.c: In function 'fsm_red_manual':
../Core/Src/fsm_automatic.c: In function 'fsm_automatic':
../Core/Src/fsm_automatic.c:27:31: warning: pointer targets in passing argument 2 of 'HAL_UART_Transmit' differ in signedness [-Wpointer-sign]
   27 |    HAL_UART_Transmit(&huart2, "!_____MODE1_____#\n\r", 20, 50);
      |                               ^~~~~~~~~~~~~~~~~~~~~~~
      |                               |
      |                               char *
../Core/Src/global.c:231:5: warning: implicit declaration of function 'buzzer'; did you mean 'set_buzzer'? [-Wimplicit-function-declaration]
  231 |     buzzer(0);
      |     ^~~~~~
      |     set_buzzer
../Core/Src/fsm_manual.c:13:31: warning: pointer targets in passing argument 2 of 'HAL_UART_Transmit' differ in signedness [-Wpointer-sign]
   13 |    HAL_UART_Transmit(&huart2, "!_____MODE2_____#\n\r", 20, 50);
      |                               ^~~~~~~~~~~~~~~~~~~~~~~
      |                               |
      |                               char *
../Core/Src/input_processing.c:149:32: warning: pointer targets in passing argument 2 of 'HAL_UART_Transmit' differ in signedness [-Wpointer-sign]
  149 |     HAL_UART_Transmit(&huart2, "\n\r", 4, 50);
      |                                ^~~~~~
      |                                |
      |                                char *
In file included from ../Core/Inc/stm32f1xx_hal_conf.h:337,
                 from ../Drivers/STM32F1xx_HAL_Driver/Inc/stm32f1xx_hal.h:29,
                 from ../Core/Inc/main.h:31,
                 from ../Core/Src/fsm_automatic.c:9:
../Drivers/STM32F1xx_HAL_Driver/Inc/stm32f1xx_hal_uart.h:749:79: note: expected 'const uint8_t *' {aka 'const unsigned char *'} but argument is of type 'char *'
  749 | HAL_StatusTypeDef HAL_UART_Transmit(UART_HandleTypeDef *huart, const uint8_t *pData, uint16_t Size, uint32_t Timeout);
      |                                                                ~~~~~~~~~~~~~~~^~~~~
In file included from ../Core/Inc/stm32f1xx_hal_conf.h:337,
                 from ../Drivers/STM32F1xx_HAL_Driver/Inc/stm32f1xx_hal.h:29,
                 from ../Core/Inc/main.h:31,
                 from ../Core/Src/input_processing.c:9:
../Drivers/STM32F1xx_HAL_Driver/Inc/stm32f1xx_hal_uart.h:749:79: note: expected 'const uint8_t *' {aka 'const unsigned char *'} but argument is of type 'char *'
  749 | HAL_StatusTypeDef HAL_UART_Transmit(UART_HandleTypeDef *huart, const uint8_t *pData, uint16_t Size, uint32_t Timeout);
      |                                                                ~~~~~~~~~~~~~~~^~~~~
In file included from ../Core/Inc/stm32f1xx_hal_conf.h:337,
                 from ../Drivers/STM32F1xx_HAL_Driver/Inc/stm32f1xx_hal.h:29,
                 from ../Core/Inc/main.h:31,
                 from ../Core/Src/fsm_manual.c:2:
../Drivers/STM32F1xx_HAL_Driver/Inc/stm32f1xx_hal_uart.h:749:79: note: expected 'const uint8_t *' {aka 'const unsigned char *'} but argument is of type 'char *'
  749 | HAL_StatusTypeDef HAL_UART_Transmit(UART_HandleTypeDef *huart, const uint8_t *pData, uint16_t Size, uint32_t Timeout);
      |                                                                ~~~~~~~~~~~~~~~^~~~~
In file included from ../Core/Src/main.c:32:
../Core/Inc/scheduler.h:21:17: warning: 'Get_New_Task_ID' declared 'static' but never defined [-Wunused-function]
   21 | static uint32_t Get_New_Task_ID(void);
      |                 ^~~~~~~~~~~~~~~
../Core/Src/fsm_manual.c: In function 'fsm_amber_manual':
../Core/Src/fsm_manual.c:39:31: warning: pointer targets in passing argument 2 of 'HAL_UART_Transmit' differ in signedness [-Wpointer-sign]
   39 |    HAL_UART_Transmit(&huart2, "!_____MODE3_____#\n\r", 20, 50);
      |                               ^~~~~~~~~~~~~~~~~~~~~~~
      |                               |
      |                               char *
In file included from ../Core/Inc/stm32f1xx_hal_conf.h:337,
                 from ../Drivers/STM32F1xx_HAL_Driver/Inc/stm32f1xx_hal.h:29,
                 from ../Core/Inc/main.h:31,
                 from ../Core/Src/fsm_manual.c:2:
../Drivers/STM32F1xx_HAL_Driver/Inc/stm32f1xx_hal_uart.h:749:79: note: expected 'const uint8_t *' {aka 'const unsigned char *'} but argument is of type 'char *'
  749 | HAL_StatusTypeDef HAL_UART_Transmit(UART_HandleTypeDef *huart, const uint8_t *pData, uint16_t Size, uint32_t Timeout);
      |                                                                ~~~~~~~~~~~~~~~^~~~~
../Core/Src/fsm_manual.c: In function 'fsm_green_manual':
../Core/Src/fsm_manual.c:65:31: warning: pointer targets in passing argument 2 of 'HAL_UART_Transmit' differ in signedness [-Wpointer-sign]
   65 |    HAL_UART_Transmit(&huart2, "!_____MODE4_____#\n\r", 20, 50);
      |                               ^~~~~~~~~~~~~~~~~~~~~~~
      |                               |
      |                               char *
In file included from ../Core/Inc/stm32f1xx_hal_conf.h:337,
                 from ../Drivers/STM32F1xx_HAL_Driver/Inc/stm32f1xx_hal.h:29,
                 from ../Core/Inc/main.h:31,
                 from ../Core/Src/fsm_manual.c:2:
../Drivers/STM32F1xx_HAL_Driver/Inc/stm32f1xx_hal_uart.h:749:79: note: expected 'const uint8_t *' {aka 'const unsigned char *'} but argument is of type 'char *'
  749 | HAL_StatusTypeDef HAL_UART_Transmit(UART_HandleTypeDef *huart, const uint8_t *pData, uint16_t Size, uint32_t Timeout);
      |                                                                ~~~~~~~~~~~~~~~^~~~~
../Core/Src/uart.c: In function 'disp_t_red_uart':
../Core/Src/uart.c:18:29: warning: pointer targets in passing argument 2 of 'HAL_UART_Transmit' differ in signedness [-Wpointer-sign]
   18 |  HAL_UART_Transmit(&huart2, "!T_RED = ", 11, 50);
      |                             ^~~~~~~~~~~
      |                             |
      |                             char *
In file included from ../Core/Inc/stm32f1xx_hal_conf.h:337,
                 from ../Drivers/STM32F1xx_HAL_Driver/Inc/stm32f1xx_hal.h:29,
                 from ../Core/Inc/main.h:31,
                 from ../Core/Src/uart.c:8:
../Drivers/STM32F1xx_HAL_Driver/Inc/stm32f1xx_hal_uart.h:749:79: note: expected 'const uint8_t *' {aka 'const unsigned char *'} but argument is of type 'char *'
  749 | HAL_StatusTypeDef HAL_UART_Transmit(UART_HandleTypeDef *huart, const uint8_t *pData, uint16_t Size, uint32_t Timeout);
      |                                                                ~~~~~~~~~~~~~~~^~~~~
../Core/Src/uart.c: In function 'disp_t_amber_uart':
../Core/Src/uart.c:24:29: warning: pointer targets in passing argument 2 of 'HAL_UART_Transmit' differ in signedness [-Wpointer-sign]
   24 |  HAL_UART_Transmit(&huart2, "!T_AMBER = ", 11, 50);
      |                             ^~~~~~~~~~~~~
      |                             |
      |                             char *
In file included from ../Core/Inc/stm32f1xx_hal_conf.h:337,
                 from ../Drivers/STM32F1xx_HAL_Driver/Inc/stm32f1xx_hal.h:29,
                 from ../Core/Inc/main.h:31,
                 from ../Core/Src/uart.c:8:
../Drivers/STM32F1xx_HAL_Driver/Inc/stm32f1xx_hal_uart.h:749:79: note: expected 'const uint8_t *' {aka 'const unsigned char *'} but argument is of type 'char *'
  749 | HAL_StatusTypeDef HAL_UART_Transmit(UART_HandleTypeDef *huart, const uint8_t *pData, uint16_t Size, uint32_t Timeout);
      |                                                                ~~~~~~~~~~~~~~~^~~~~
../Core/Src/uart.c: In function 'disp_t_green_uart':
../Core/Src/uart.c:30:29: warning: pointer targets in passing argument 2 of 'HAL_UART_Transmit' differ in signedness [-Wpointer-sign]
   30 |  HAL_UART_Transmit(&huart2, "!T_GREEN = ", 11, 50);
      |                             ^~~~~~~~~~~~~
      |                             |
      |                             char *
In file included from ../Core/Inc/stm32f1xx_hal_conf.h:337,
                 from ../Drivers/STM32F1xx_HAL_Driver/Inc/stm32f1xx_hal.h:29,
                 from ../Core/Inc/main.h:31,
                 from ../Core/Src/uart.c:8:
../Drivers/STM32F1xx_HAL_Driver/Inc/stm32f1xx_hal_uart.h:749:79: note: expected 'const uint8_t *' {aka 'const unsigned char *'} but argument is of type 'char *'
  749 | HAL_StatusTypeDef HAL_UART_Transmit(UART_HandleTypeDef *huart, const uint8_t *pData, uint16_t Size, uint32_t Timeout);
      |                                                                ~~~~~~~~~~~~~~~^~~~~
../Core/Src/uart.c: In function 'disp_time_uart':
../Core/Src/uart.c:37:29: warning: pointer targets in passing argument 2 of 'HAL_UART_Transmit' differ in signedness [-Wpointer-sign]
   37 |  HAL_UART_Transmit(&huart2, "!T_ROAD_1= ", 12, 50);
      |                             ^~~~~~~~~~~~~
      |                             |
      |                             char *
In file included from ../Core/Inc/stm32f1xx_hal_conf.h:337,
                 from ../Drivers/STM32F1xx_HAL_Driver/Inc/stm32f1xx_hal.h:29,
                 from ../Core/Inc/main.h:31,
                 from ../Core/Src/uart.c:8:
../Drivers/STM32F1xx_HAL_Driver/Inc/stm32f1xx_hal_uart.h:749:79: note: expected 'const uint8_t *' {aka 'const unsigned char *'} but argument is of type 'char *'
  749 | HAL_StatusTypeDef HAL_UART_Transmit(UART_HandleTypeDef *huart, const uint8_t *pData, uint16_t Size, uint32_t Timeout);
      |                                                                ~~~~~~~~~~~~~~~^~~~~
../Core/Src/uart.c:39:29: warning: pointer targets in passing argument 2 of 'HAL_UART_Transmit' differ in signedness [-Wpointer-sign]
   39 |  HAL_UART_Transmit(&huart2, "!T_ROAD_2= ", 12, 50);
      |                             ^~~~~~~~~~~~~
      |                             |
      |                             char *
In file included from ../Core/Inc/stm32f1xx_hal_conf.h:337,
                 from ../Drivers/STM32F1xx_HAL_Driver/Inc/stm32f1xx_hal.h:29,
                 from ../Core/Inc/main.h:31,
                 from ../Core/Src/uart.c:8:
../Drivers/STM32F1xx_HAL_Driver/Inc/stm32f1xx_hal_uart.h:749:79: note: expected 'const uint8_t *' {aka 'const unsigned char *'} but argument is of type 'char *'
  749 | HAL_StatusTypeDef HAL_UART_Transmit(UART_HandleTypeDef *huart, const uint8_t *pData, uint16_t Size, uint32_t Timeout);
      |                                                                ~~~~~~~~~~~~~~~^~~~~
../Core/Src/uart.c:41:29: warning: pointer targets in passing argument 2 of 'HAL_UART_Transmit' differ in signedness [-Wpointer-sign]
   41 |  HAL_UART_Transmit(&huart2, "\n", 2, 50);
      |                             ^~~~
      |                             |
      |                             char *
In file included from ../Core/Inc/stm32f1xx_hal_conf.h:337,
                 from ../Drivers/STM32F1xx_HAL_Driver/Inc/stm32f1xx_hal.h:29,
                 from ../Core/Inc/main.h:31,
                 from ../Core/Src/uart.c:8:
../Drivers/STM32F1xx_HAL_Driver/Inc/stm32f1xx_hal_uart.h:749:79: note: expected 'const uint8_t *' {aka 'const unsigned char *'} but argument is of type 'char *'
  749 | HAL_StatusTypeDef HAL_UART_Transmit(UART_HandleTypeDef *huart, const uint8_t *pData, uint16_t Size, uint32_t Timeout);
      |                                                                ~~~~~~~~~~~~~~~^~~~~
arm-none-eabi-gcc -o "MCU_MPU_Assignment.elf" @"objects.list"   -mcpu=cortex-m3 -T"C:\Users\Admin\Desktop\MCU_Assignment\MCU_MPU_Assignment\STM32F103RBTX_FLASH.ld" --specs=nosys.specs -Wl,-Map="MCU_MPU_Assignment.map" -Wl,--gc-sections -static --specs=nano.specs -mfloat-abi=soft -mthumb -Wl,--start-group -lc -lm -Wl,--end-group
Finished building target: MCU_MPU_Assignment.elf
 
arm-none-eabi-size   MCU_MPU_Assignment.elf 
arm-none-eabi-objdump -h -S  MCU_MPU_Assignment.elf  > "MCU_MPU_Assignment.list"
arm-none-eabi-objcopy  -O ihex  MCU_MPU_Assignment.elf  "MCU_MPU_Assignment.hex"
arm-none-eabi-objcopy  -O binary  MCU_MPU_Assignment.elf  "MCU_MPU_Assignment.bin"
   text	   data	    bss	    dec	    hex	filename
  21488	    180	   2116	  23784	   5ce8	MCU_MPU_Assignment.elf
Finished building: default.size.stdout
 
Finished building: MCU_MPU_Assignment.hex
Finished building: MCU_MPU_Assignment.bin
 
 
Finished building: MCU_MPU_Assignment.list
 

00:07:30 Build Finished. 0 errors, 14 warnings. (took 1s.365ms)

